<?xml version="1.0" encoding="UTF-8"?>
<hana_synonym_ns_1>
<ID>1</ID>
<COL1>1</COL1>
<COL2>ABCabc!@#</COL2>
<COL3>28.55555</COL3>
<COL4>2014.10.30</COL4>
<ID>2</ID>
<COL1>10000</COL1>
<COL2>select * from ABCabc</COL2>
<COL3>0.00000</COL3>
<COL4>2014.10.30</COL4>
<ID>3</ID>
<COL1></COL1>
<COL2></COL2>
<COL3></COL3>
<COL4></COL4>
<ID>4</ID>
<COL1>-100</COL1>
<COL2></COL2>
<COL3>-9.00000</COL3>
<COL4>2014.10.30</COL4>
<ID>5</ID>
<COL1>-100</COL1>
<COL2></COL2>
<COL3>0.12345</COL3>
<COL4>2014.10.30</COL4>
<ID>6</ID>
<COL1>-100</COL1>
<COL2></COL2>
<COL3>0.12345</COL3>
<COL4>2014.10.30</COL4>
<ID>7</ID>
<COL1>-100</COL1>
<COL2></COL2>
<COL3>0.12345</COL3>
<COL4>2014.10.30</COL4>
<ID>9</ID>
<COL1>99</COL1>
<COL2>越过长城</COL2>
<COL3>12.00000</COL3>
<COL4>2014.10.01</COL4>
</hana_synonym_ns_1>
