0;43;10;2003;25;298;*;*
1;43;10;2003;26;299;*;*
2;44;10;2003;27;300;*;*
3;44;10;2003;28;301;*;*
4;44;10;2003;29;302;*;*
5;44;10;2003;30;303;*;*
6;44;10;2003;31;304;*;*
7;44;11;2003;1;305;*;*
8;44;11;2003;2;306;*;*
9;45;11;2003;3;307;*;*
