001;a;a;a;a;1;a;;;a;a;;a;;a;1;a;1;a;;????.??.?? ??:??:??.?????????;9999.12.31 00:00:00.000000000;1;;
NULL;a;a;a;a;2;a;;;a;a;;a;;a;1;a;1;a;;????.??.?? ??:??:??.?????????;9999.12.31 00:00:00.000000000;1;;
003;a;a;a;a;3;a;;;a;a;;a;;a;1;a;1;a;;????.??.?? ??:??:??.?????????;9999.12.31 00:00:00.000000000;1;;
NULL  ;a;a;a;a;4;a;;;a;a;;a;;a;1;a;1;a;;????.??.?? ??:??:??.?????????;9999.12.31 00:00:00.000000000;1;;
005;a;a;a;a;5;a;;;a;a;;a;;a;1;a;1;a;;????.??.?? ??:??:??.?????????;9999.12.31 00:00:00.000000000;1;;
NULL ;a;a;a;a;6;a;;;a;a;;a;;a;1;a;1;a;;????.??.?? ??:??:??.?????????;9999.12.31 00:00:00.000000000;1;;
007;a;a;a;a;7;a;;;a;a;;a;;a;1;a;1;a;;????.??.?? ??:??:??.?????????;9999.12.31 00:00:00.000000000;1;;
NULL    ;a;a;a;a;8;a;;;a;a;;a;;a;1;a;1;a;;????.??.?? ??:??:??.?????????;9999.12.31 00:00:00.000000000;1;;
009;a;a;a;a;9;a;;;a;a;;a;;a;1;a;1;a;;????.??.?? ??:??:??.?????????;9999.12.31 00:00:00.000000000;1;;
NULL;a;b;a;a;10;a;;;a;a;;a;;a;1;a;1;a;;????.??.?? ??:??:??.?????????;9999.12.31 00:00:00.000000000;1;;
011;a;a;a;a;11;a;;;a;a;;a;;a;1;a;1;a;;????.??.?? ??:??:??.?????????;9999.12.31 00:00:00.000000000;1;;
NULL;a;c;a;a;12;a;;;a;a;;a;;a;1;a;1;a;;????.??.?? ??:??:??.?????????;9999.12.31 00:00:00.000000000;1;;
013;a;a;a;a;13;a;;;a;a;;a;;a;1;a;1;a;;????.??.?? ??:??:??.?????????;9999.12.31 00:00:00.000000000;1;;
NULL;a;d;a;a;14;a;;;a;a;;a;;a;1;a;1;a;;????.??.?? ??:??:??.?????????;9999.12.31 00:00:00.000000000;1;;
015;a;a;a;a;15;a;;;a;a;;a;;a;1;a;1;a;;????.??.?? ??:??:??.?????????;9999.12.31 00:00:00.000000000;1;;
NULL;a;e;a;a;16;a;;;a;a;;a;;a;1;a;1;a;;????.??.?? ??:??:??.?????????;9999.12.31 00:00:00.000000000;1;;
017;a;a;a;a;17;a;;;a;a;;a;;a;1;a;1;a;;????.??.?? ??:??:??.?????????;9999.12.31 00:00:00.000000000;1;;
NULL  ;a;f;a;a;18;a;;;a;a;;a;;a;1;a;1;a;;????.??.?? ??:??:??.?????????;9999.12.31 00:00:00.000000000;1;;
019;a;a;a;a;19;a;;;a;a;;a;;a;1;a;1;a;;????.??.?? ??:??:??.?????????;9999.12.31 00:00:00.000000000;1;;
NULL;a;g;a;a;20;a;;;a;a;;a;;a;1;a;1;a;;????.??.?? ??:??:??.?????????;9999.12.31 00:00:00.000000000;1;;
021;a;a;a;a;21;a;;;a;a;;a;;a;1;a;1;a;;????.??.?? ??:??:??.?????????;9999.12.31 00:00:00.000000000;1;;
NULL;a;a;a;a;22;a;;;a;a;;a;;a;1;a;1;a;;????.??.?? ??:??:??.?????????;9999.12.31 00:00:00.000000000;1;;
023;a;a;a;a;23;a;;;a;a;;a;;a;1;a;1;a;;????.??.?? ??:??:??.?????????;9999.12.31 00:00:00.000000000;1;;
NULL ;a;h;a;a;24;a;;;a;a;;a;;a;1;a;1;a;;????.??.?? ??:??:??.?????????;9999.12.31 00:00:00.000000000;1;;
