0,字符串开始>>>>>填塞字符串>>>>>填塞字符串>>>>>填塞字符串>>>>>填塞字符串>>>>>填塞字符串>>>>>填塞字符串>>>>>填塞字符串>>>>>填塞字符串>>>>>填塞字符串>>>>>填塞字符串>>>>>填塞字符串>>>>>填塞字符串>>>>>填塞字符串>>>>>填塞字符串>>>>>填塞字符串>>>>>填塞字符串>>>>>填塞字符串>>>>>填塞字符串>>>>>填塞字符串>>>>>填塞字符串>>>>>填塞字符串>>>>>填塞字符串>>>>>填塞字符串>>>>>填塞字符串>>>>>填塞字符串>>>>>填塞字符串>>>>>填塞字符串>>>>>填塞字符串>>>>>填塞字符串>>>>>填塞字符串>>>>>填塞字符串>>>>>填塞字符串>>>>>填塞字符串>>>>>填塞字符串>>>>>填塞字符串>>>>>填塞字符串>>>>>填塞字符串>>>>>填塞字符串>>>>>填塞字符串>>>>>填塞字符串>>>>>填塞字符串>>>>>填塞字符串>>>>>填塞字符串>>>>>填塞字符串>>>>>填塞字符串>>>>>填塞字符串>>>>>填塞字符串>>>>>填塞字符串>>>>>填塞字符串>>>>>填塞字符串>>>>>填塞字符串>>>>>填塞字符串>>>>>填塞字符串>>>>>填塞字符串>>>>>填塞字符串>>>>>填塞字符串>>>>>填塞字符串>>>>>填塞字符串>>>>>填塞字符串>>>>>填塞字符串>>>>>填塞字符串>>>>>填塞字符串>>>>>填塞字符串>>>>>填塞字符串>>>>>填塞字符串>>>>>填塞字符串>>>>>填塞字符串>>>>>填塞字符串>>>>>填塞字符串>>>>>填塞字符串>>>>>填塞字符串>>>>>填塞字符串>>>>>填塞字符串>>>>>填塞字符串>>>>>填塞字符串>>>>>填塞字符串>>>>>填塞字符串>>>>>填塞字符串>>>>>填塞字符串>>>>>填塞字符串>>>>>填塞字符串>>>>>填塞字符串>>>>>填塞字符串>>>>>填塞字符串>>>>>填塞字符串>>>>>填塞字符串>>>>>填塞字符串>>>>>填塞字符串>>>>>填塞字符串>>>>>填塞字符串>>>>>填塞字符串>>>>>填塞字符串>>>>>填塞字符串>>>>>填塞字符串>>>>>填塞字符串>>>>>填塞字符串>>>>>填塞字符串>>>>>填塞字符串>>>>>填塞字符串>>>>><字串结束
1,字符串开始>>>>>填塞字符串>>>>>填塞字符串>>>>>填塞字符串>>>>>填塞字符串>>>>>填塞字符串>>>>>填塞字符串>>>>>填塞字符串>>>>>填塞字符串>>>>>填塞字符串>>>>>填塞字符串>>>>>填塞字符串>>>>>填塞字符串>>>>>填塞字符串>>>>>填塞字符串>>>>>填塞字符串>>>>>填塞字符串>>>>>填塞字符串>>>>>填塞字符串>>>>>填塞字符串>>>>>填塞字符串>>>>>填塞字符串>>>>>填塞字符串>>>>>填塞字符串>>>>>填塞字符串>>>>>填塞字符串>>>>>填塞字符串>>>>>填塞字符串>>>>>填塞字符串>>>>>填塞字符串>>>>>填塞字符串>>>>>填塞字符串>>>>>填塞字符串>>>>>填塞字符串>>>>>填塞字符串>>>>>填塞字符串>>>>>填塞字符串>>>>>填塞字符串>>>>>填塞字符串>>>>>填塞字符串>>>>>填塞字符串>>>>>填塞字符串>>>>>填塞字符串>>>>>填塞字符串>>>>>填塞字符串>>>>>填塞字符串>>>>>填塞字符串>>>>>填塞字符串>>>>>填塞字符串>>>>>填塞字符串>>>>>填塞字符串>>>>>填塞字符串>>>>>填塞字符串>>>>>填塞字符串>>>>>填塞字符串>>>>>填塞字符串>>>>>填塞字符串>>>>>填塞字符串>>>>>填塞字符串>>>>>填塞字符串>>>>>填塞字符串>>>>>填塞字符串>>>>>填塞字符串>>>>>填塞字符串>>>>>填塞字符串>>>>>填塞字符串>>>>>填塞字符串>>>>>填塞字符串>>>>>填塞字符串>>>>>填塞字符串>>>>>填塞字符串>>>>>填塞字符串>>>>>填塞字符串>>>>>填塞字符串>>>>>填塞字符串>>>>>填塞字符串>>>>>填塞字符串>>>>>填塞字符串>>>>>填塞字符串>>>>>填塞字符串>>>>>填塞字符串>>>>>填塞字符串>>>>>填塞字符串>>>>>填塞字符串>>>>>填塞字符串>>>>>填塞字符串>>>>>填塞字符串>>>>>填塞字符串>>>>>填塞字符串>>>>>填塞字符串>>>>>填塞字符串>>>>>填塞字符串>>>>>填塞字符串>>>>>填塞字符串>>>>>填塞字符串>>>>>填塞字符串>>>>>填塞字符串>>>>>填塞字符串>>>>>填塞字符串>>>>>填塞字符串>>>>>填塞字符串>>>>>填塞字符串>>>>>填塞字符串>>>>>填塞字符串>>>>>填塞字符串>>>>>填塞字符串>>>>>填塞字符串>>>>>填塞字符串>>>>>填塞字符串>>>>>填塞字符串>>>>>填塞字符串>>>>>填塞字符串>>>>>填塞字符串>>>>>填塞字符串>>>>>填塞字符串>>>>>填塞字符串>>>>>填塞字符串>>>>>填塞字符串>>>>>填塞字符串>>>>>填塞字符串>>>>>填塞字符串>>>>>填塞字符串>>>>>填塞字符串>>>>>填塞字符串>>>>>填塞字符串>>>>>填塞字符串>>>>>填塞字符串>>>>>填塞字符串>>>>>填塞字符串>>>>>填塞字符串>>>>>填塞字符串>>>>>填塞字符串>>>>>填塞字符串>>>>>填塞字符串>>>>>填塞字符串>>>>>填塞字符串>>>>>填塞字符串>>>>>填塞字符串>>>>>填塞字符串>>>>>填塞字符串>>>>>填塞字符串>>>>>填塞字符串>>>>>填塞字符串>>>>>填塞字符串>>>>>填塞字符串>>>>>填塞字符串>>>>>填塞字符串>>>>>填塞字符串>>>>>填塞字符串>>>>>填塞字符串>>>>>填塞字符串>>>>>填塞字符串>>>>>填塞字符串>>>>>填塞字符串>>>>>填塞字符串>>>>>填塞字符串>>>>>填塞字符串>>>>>填塞字符串>>>>>填塞字符串>>>>>填塞字符串>>>>>填塞字符串>>>>>填塞字符串>>>>>填塞字符串>>>>>填塞字符串>>>>>填塞字符串>>>>>填塞字符串>>>>>填塞字符串>>>>>填塞字符串>>>>>填塞字符串>>>>>填塞字符串>>>>>填塞字符串>>>>>填塞字符串>>>>>填塞字符串>>>>>填塞字符串>>>>>填塞字符串>>>>>填塞字符串>>>>>填塞字符串>>>>>填塞字符串>>>>>填塞字符串>>>>>填塞字符串>>>>>填塞字符串>>>>>填塞字符串>>>>>填塞字符串>>>>>填塞字符串>>>>>填塞字符串>>>>>填塞字符串>>>>>填塞字符串>>>>>填塞字符串>>>>>填塞字符串>>>>>填塞字符串>>>>>填塞字符串>>>>>填塞字符串>>>>>填塞字符串>>>>>填塞字符串>>>>>填塞字符串>>>>>填塞字符串>>>>>填塞字符串>>>>>填塞字符串>>>>>填塞字符串>>>>>填塞字符串<字串结束
2,字符串开始>>>>>填塞字符串>>>>>填塞字符串>>>>>填塞字符串>>>>>填塞字符串>>>>>填塞字符串>>>>>填塞字符串>>>>>填塞字符串>>>>>填塞字符串>>>>>填塞字符串>>>>>填塞字符串>>>>>填塞字符串>>>>>填塞字符串>>>>>填塞字符串>>>>>填塞字符串>>>>>填塞字符串>>>>>填塞字符串>>>>>填塞字符串>>>>>填塞字符串>>>>>填塞字符串>>>>>填塞字符串>>>>>填塞字符串>>>>>填塞字符串>>>>>填塞字符串>>>>>填塞字符串>>>>>填塞字符串>>>>>填塞字符串>>>>>填塞字符串>>>>>填塞字符串>>>>>填塞字符串>>>>>填塞字符串>>>>>填塞字符串>>>>>填塞字符串>>>>>填塞字符串>>>>>填塞字符串>>>>>填塞字符串>>>>>填塞字符串>>>>>填塞字符串>>>>>填塞字符串>>>>>填塞字符串>>>>>填塞字符串>>>>>填塞字符串>>>>>填塞字符串>>>>>填塞字符串>>>>>填塞字符串>>>>>填塞字符串>>>>>填塞字符串>>>>>填塞字符串>>>>>填塞字符串>>>>>填塞字符串>>>>>填塞字符串>>>>>填塞字符串>>>>>填塞字符串>>>>>填塞字符串>>>>>填塞字符串>>>>>填塞字符串>>>>>填塞字符串>>>>>填塞字符串>>>>>填塞字符串>>>>>填塞字符串>>>>>填塞字符串>>>>>填塞字符串>>>>>填塞字符串>>>>>填塞字符串>>>>>填塞字符串>>>>>填塞字符串>>>>>填塞字符串>>>>>填塞字符串>>>>>填塞字符串>>>>>填塞字符串>>>>>填塞字符串>>>>>填塞字符串>>>>>填塞字符串>>>>>填塞字符串>>>>>填塞字符串>>>>>填塞字符串>>>>>填塞字符串>>>>>填塞字符串>>>>>填塞字符串>>>>>填塞字符串>>>>>填塞字符串>>>>>填塞字符串>>>>>填塞字符串>>>>>填塞字符串>>>>>填塞字符串>>>>>填塞字符串>>>>>填塞字符串>>>>>填塞字符串>>>>>填塞字符串>>>>>填塞字符串>>>>>填塞字符串>>>>>填塞字符串>>>>>填塞字符串>>>>>填塞字符串>>>>>填塞字符串>>>>>填塞字符串>>>>>填塞字符串>>>>>填塞字符串>>>>>填塞字符串>>>>>填塞字符串>>>>>填塞字符串>>>>>填塞字符串>>>>>填塞字符串>>>>>填塞字符串>>>>>填塞字符串>>>>>填塞字符串>>>>>填塞字符串>>>>>填塞字符串>>>>>填塞字符串>>>>>填塞字符串>>>>>填塞字符串>>>>>填塞字符串>>>>>填塞字符串>>>>>填塞字符串>>>>>填塞字符串>>>>>填塞字符串>>>>>填塞字符串>>>>>填塞字符串>>>>>填塞字符串>>>>>填塞字符串>>>>>填塞字符串>>>>>填塞字符串>>>>>填塞字符串>>>>>填塞字符串>>>>>填塞字符串>>>>>填塞字符串>>>>>填塞字符串>>>>>填塞字符串>>>>>填塞字符串>>>>>填塞字符串>>>>>填塞字符串>>>>>填塞字符串>>>>>填塞字符串>>>>>填塞字符串>>>>>填塞字符串>>>>>填塞字符串>>>>>填塞字符串>>>>>填塞字符串>>>>>填塞字符串>>>>>填塞字符串>>>>>填塞字符串>>>>>填塞字符串>>>>>填塞字符串>>>>>填塞字符串>>>>>填塞字符串>>>>>填塞字符串>>>>>填塞字符串>>>>>填塞字符串>>>>>填塞字符串>>>>>填塞字符串>>>>>填塞字符串>>>>>填塞字符串>>>>>填塞字符串>>>>>填塞字符串>>>>>填塞字符串>>>>>填塞字符串>>>>>填塞字符串>>>>>填塞字符串>>>>>填塞字符串>>>>>填塞字符串>>>>>填塞字符串>>>>>填塞字符串>>>>>填塞字符串>>>>>填塞字符串>>>>>填塞字符串>>>>>填塞字符串>>>>>填塞字符串>>>>>填塞字符串>>>>>填塞字符串>>>>>填塞字符串>>>>>填塞字符串>>>>>填塞字符串>>>>>填塞字符串>>>>>填塞字符串>>>>>填塞字符串>>>>>填塞字符串>>>>>填塞字符串>>>>>填塞字符串>>>>>填塞字符串>>>>>填塞字符串>>>>>填塞字符串>>>>>填塞字符串>>>>>填塞字符串>>>>>填塞字符串>>>>>填塞字符串>>>>>填塞字符串>>>>>填塞字符串>>>>>填塞字符串>>>>>填塞字符串>>>>>填塞字符串>>>>>填塞字符串>>>>>填塞字符串>>>>>填塞字符串>>>>>填塞字符串>>>>>填塞字符串>>>>>填塞字符串>>>>>填塞字符串>>>>>填塞字符串>>>>>填塞字符串>>>>>填塞字符串>>>>>
3,
