0;43;10;2003;25;298;2017.04.24 23:45:07;1900.01.01 23:45:07
1;43;10;2003;26;299;2017.04.24 23:45:07;1900.01.01 23:45:07
2;44;10;2003;27;300;2017.04.24 23:45:07;1900.01.01 23:45:07
3;44;10;2003;28;301;2017.04.24 23:45:07;1900.01.01 23:45:07
4;44;10;2003;29;302;2017.04.24 23:45:07;1900.01.01 23:45:07
5;44;10;2003;30;303;2017.04.24 23:45:07;1900.01.01 23:45:07
6;44;10;2003;31;304;2017.04.24 23:45:07;1900.01.01 23:45:07
7;44;11;2003;1;305;2017.04.24 23:45:07;1900.01.01 23:45:07
8;44;11;2003;2;306;2017.04.24 23:45:07;1900.01.01 23:45:07
9;45;11;2003;3;307;2017.04.24 23:45:07;1900.01.01 23:45:07
