<?xml version="1.0" encoding="UTF-8"?>
<order_DTD_TMP>
<DOC_NUMBER>0000000073</DOC_NUMBER>
<DOC_DATE>1994.12.09</DOC_DATE>
<PRC_STAT_H>C</PRC_STAT_H>
<PURCH_NO>MI-60120</PURCH_NO>
<MESSAGE_TYPE>S</MESSAGE_TYPE>
<MESSAGE>Sales Order has been completed</MESSAGE>
<line_item>
<line_item_schema>
<ITM_NUMBER>000010</ITM_NUMBER>
<MATERIAL>P-100</MATERIAL>
<REQ_DATE>1994.12.09</REQ_DATE>
<REQ_QTY>1.000</REQ_QTY>
<CUM_CF_QTY>1.000</CUM_CF_QTY>
<SALES_UNIT>EA</SALES_UNIT>
<NET_PRICE>4295.00</NET_PRICE>
<NET_VALUE>4295.00</NET_VALUE>
<CURRENCY>DEM</CURRENCY>
<DLV_STAT_I>C</DLV_STAT_I>
<BILL_STAT_I>C</BILL_STAT_I>
<INCOMP_STAT_I>A</INCOMP_STAT_I>
<REJ_STAT_I>A</REJ_STAT_I>
<delivery>
<delivery_schema>
<DELIV_NUMB>0080000071</DELIV_NUMB>
<DELIV_ITEM>000010</DELIV_ITEM>
<DELIV_QTY>0.000</DELIV_QTY>
<DELIV_DATE>1995.01.25</DELIV_DATE>
<PICK_STAT_I>C</PICK_STAT_I>
</delivery_schema>
<delivery_schema>
<DELIV_NUMB>0080000048</DELIV_NUMB>
<DELIV_ITEM>000010</DELIV_ITEM>
<DELIV_QTY>10.000</DELIV_QTY>
<DELIV_DATE>
1994.12.13</DELIV_DATE>
<PICK_STAT_I>C</PICK_STAT_I>
</delivery_schema>
<delivery_schema>
<DELIV_NUMB>0080000052</DELIV_NUMB>
<DELIV_ITEM>000010</DELIV_ITEM>
<DELIV_QTY>1.000</DELIV_QTY>
<DELIV_DATE>1994.12.13</DELIV_DATE>
<PICK_STAT_I>C</PICK_STAT_I>
</delivery_schema>
<delivery_schema>
<DELIV_NUMB>0080000054</DELIV_NUMB>
<DELIV_ITEM>000010</DELIV_ITEM>
<DELIV_QTY>1.000</DELIV_QTY>
<DELIV_DATE>1994.12.13</DELIV_DATE>
<PICK_STAT_I>C</PICK_STAT_I>
</delivery_schema>
</delivery>
</line_item_schema>
</line_item>
</order_DTD_TMP>
